Test project /media/shoaib/STUDYLINUX/Hackathons/SIH/2026/Vantage/build
    Start 1: core
1/4 Test #1: core .............................   Passed    0.32 sec
    Start 2: advisor
2/4 Test #2: advisor ..........................   Passed    0.02 sec
    Start 3: research
3/4 Test #3: research .........................   Passed    0.74 sec
    Start 4: certificates
4/4 Test #4: certificates .....................   Passed    0.03 sec

100% tests passed out of 4

Total Test time (real) =   1.12 sec
CLI, malformed-input rejection, verification, Python API and parametric warm-start tests passed
..
----------------------------------------------------------------------
Ran 2 tests in 0.001s

OK
....
----------------------------------------------------------------------
Ran 4 tests in 0.228s

OK
.....
----------------------------------------------------------------------
Ran 5 tests in 0.212s

OK
...
----------------------------------------------------------------------
Ran 3 tests in 1.050s

OK
.
----------------------------------------------------------------------
Ran 1 test in 0.633s

OK
..................
----------------------------------------------------------------------
Ran 18 tests in 3.543s

OK
.....
----------------------------------------------------------------------
Ran 5 tests in 0.589s

OK
Dependency policy passed: 49 production files; comparison solvers confined to benchmark/
........
----------------------------------------------------------------------
Ran 8 tests in 1.353s

OK
..
----------------------------------------------------------------------
Ran 2 tests in 0.061s

OK
....
----------------------------------------------------------------------
Ran 4 tests in 0.463s

OK
